dune exec -- bench/run_bench.exe --onlyip --dir /home/etudiant/Cours/stage/TPTP-v9.2.1/Problems/SYN/ --time-limit 3 --robust-time-limit  --logs bench_logs_original_repro  --mode ordered-fallback
problem                                                      | expected           | rating       | ip                    
-------------------------------------------------------------------------------------------------------------------------
SYN000+1.p                                                   | Theorem            | 0.18 v9.1.0  | Unsatisfiable (0.010s)
SYN000+2.p                                                   | Satisfiable        | 0.83 v9.0.0  | Error (0.006s)        
SYN000-1.p                                                   | Unsatisfiable      | 0.18 v9.1.0  | Unsatisfiable (0.007s)
SYN000-2.p                                                   | Satisfiable        | 0.75 v9.1.0  | Error (0.006s)        
SYN000-3.p                                                   | Satisfiable        | ? v8.0.0     | Error (0.006s)        
SYN000^1.p                                                   | Theorem            | 0.22 v9.1.0  | Error (0.006s)        
SYN000^2.p                                                   | Satisfiable        | ? v9.2.1     | Error (0.006s)        
SYN000^3.p                                                   | Satisfiable        | 1.00 v7.1.0  | Error (0.007s)        
SYN000^6.p                                                   | Unknown            | 1.00 v9.0.0  | Error (0.006s)        
SYN000^7.p                                                   | Unknown            | 1.00 v9.0.0  | Error (0.007s)        
SYN000_1.p                                                   | Theorem            | 0.12 v9.1.0  | Error (0.007s)        
SYN000_2.p                                                   | Satisfiable        | 1.00 v9.1.0  | Error (0.007s)        
SYN000_3.p                                                   | Satisfiable        | 0.75 v9.0.0  | Error (0.007s)        
SYN000_4.p                                                   | Satisfiable        | 1.00 v9.1.0  | Error (0.006s)        
SYN000_5.p                                                   | Theorem            | 0.62 v7.5.0  | Error (0.006s)        
SYN000_6.p                                                   | Unknown            | 1.00 v9.0.0  | Error (0.007s)        
SYN000_7.p                                                   | Unknown            | 1.00 v9.0.0  | Error (0.006s)        
SYN001+1.p                                                   | Theorem            | 0.00 v2.1.0  | Unsatisfiable (0.007s)
SYN001-1.005.p                                               | Unsatisfiable      | 0.00 v2.1.0  | Unsatisfiable (0.025s)
SYN001^4.001.p                                               | CounterSatisfiable | 0.67 v9.0.0  | Error (0.008s)        
SYN001^4.002.p                                               | CounterSatisfiable | 0.67 v9.0.0  | Error (0.008s)        
SYN001^4.003.p                                               | CounterSatisfiable | 0.67 v9.0.0  | Error (0.007s)        
SYN001^4.004.p                                               | CounterSatisfiable | 0.67 v9.0.0  | Error (0.008s)        
SYN002-1.007.008.p                                           | Unsatisfiable      | 0.00 v6.3.0  | Unsatisfiable (0.028s)
SYN003-1.006.p                                               | Unsatisfiable      | 0.00 v2.1.0  | Unsatisfiable (0.015s)
SYN004-1.007.p                                               | Unsatisfiable      | 0.00 v2.1.0  | Unsatisfiable (0.013s)
SYN005-1.010.p                                               | Unsatisfiable      | 0.00 v2.1.0  | Unsatisfiable (0.034s)
SYN006-1.p                                                   | Unsatisfiable      | 0.00 v6.3.0  | Unsatisfiable (0.010s)
SYN007+1.014.p                                               | Theorem            | 0.00 v7.3.0  | Error (5.079s)        
SYN007^4.014.p                                               | CounterSatisfiable | 1.00 v4.0.0  | Error (0.007s)        
SYN008-1.p                                                   | Unsatisfiable      | 0.00 v2.0.0  | Unsatisfiable (0.011s)
SYN009-1.p                                                   | Unsatisfiable      | 0.00 v2.0.0  | Unsatisfiable (0.013s)
SYN009-2.p                                                   | Unsatisfiable      | 0.00 v2.5.0  | Unsatisfiable (0.011s)
SYN009-3.p                                                   | Unsatisfiable      | 0.00 v2.5.0  | Unsatisfiable (0.025s)
SYN009-4.p                                                   | Unsatisfiable      | 0.00 v2.5.0  | Unsatisfiable (0.018s)
SYN010-1.005.005.p                                           | Unsatisfiable      | 0.00 v2.1.0  | Unsatisfiable (0.678s)
SYN011-1.p                                                   | Unsatisfiable      | 0.00 v2.0.0  | Unsatisfiable (0.015s)
SYN012-1.p                                                   | Unsatisfiable      | 0.08 v9.1.0  | Unsatisfiable (0.029s)
SYN013-1.p                                                   | Unsatisfiable      | 0.05 v9.0.0  | Timeout (3.008s)      
SYN014-1.p                                                   | Unsatisfiable      | 0.09 v9.1.0  | Unsatisfiable (2.761s)
SYN014-2.p                                                   | Unsatisfiable      | 0.00 v2.2.1  | Unsatisfiable (0.019s)
SYN015-1.p                                                   | Unsatisfiable      | 0.09 v9.1.0  | Unsatisfiable (2.475s)
SYN015-2.p                                                   | Unsatisfiable      | 0.00 v7.4.0  | Timeout (3.010s)      
SYN028-1.p                                                   | Unsatisfiable      | 0.00 v2.0.0  | Unsatisfiable (0.010s)
SYN029-1.p                                                   | Unsatisfiable      | 0.00 v2.0.0  | Unsatisfiable (0.008s)
SYN030-1.p                                                   | Unsatisfiable      | 0.00 v2.0.0  | Unsatisfiable (0.011s)
SYN031-1.p                                                   | Unsatisfiable      | 0.00 v2.0.0  | Unsatisfiable (0.010s)
SYN032-1.p                                                   | Unsatisfiable      | 0.00 v2.0.0  | Unsatisfiable (0.009s)
SYN033-1.p                                                   | Unsatisfiable      | 0.00 v2.0.0  | Unsatisfiable (0.029s)
SYN034-1.p                                                   | Unsatisfiable      | 0.00 v2.0.0  | Unsatisfiable (0.010s)
SYN035-1.p                                                   | Unsatisfiable      | 0.06 v9.1.0  | Unsatisfiable (0.009s)
SYN036+1.p                                                   | Theorem            | 0.05 v9.1.0  | Timeout (3.032s)      
SYN036+2.p                                                   | Theorem            | 0.10 v9.1.0  | Timeout (3.032s)      
SYN036-1.p                                                   | Unsatisfiable      | 0.23 v9.1.0  | Timeout (3.012s)      
SYN036-2.p                                                   | Satisfiable        | 0.00 v3.5.0  | Timeout (3.013s)      
SYN036-3.p                                                   | Unsatisfiable      | 0.08 v9.1.0  | Timeout (3.009s)      
SYN036-4.p                                                   | Unsatisfiable      | 0.15 v9.1.0  | Timeout (3.009s)      
SYN036^5.p                                                   | Theorem            | 0.25 v8.2.0  | Error (0.007s)        
SYN036^7.p                                                   | Theorem            | 1.00 v7.1.0  | Error (0.007s)        
SYN037-1.p                                                   | Unsatisfiable      | 0.08 v9.1.0  | Timeout (3.008s)      
SYN037-2.p                                                   | Unsatisfiable      | 0.08 v9.1.0  | Unsatisfiable (0.684s)
SYN038-1.p                                                   | Unsatisfiable      | 0.08 v9.1.0  | Unsatisfiable (0.035s)
SYN039-1.p                                                   | Unsatisfiable      | 0.08 v9.1.0  | Timeout (3.010s)      
SYN040+1.p                                                   | Theorem            | 0.00 v2.1.0  | Unsatisfiable (0.008s)
SYN040-1.p                                                   | Unsatisfiable      | 0.00 v2.0.0  | Unsatisfiable (0.007s)
SYN040^4.p                                                   | CounterSatisfiable | 0.67 v9.0.0  | Error (0.007s)        
SYN041+1.p                                                   | Theorem            | 0.00 v2.3.0  | Unsatisfiable (0.007s)
SYN041-1.p                                                   | Unsatisfiable      | 0.00 v2.0.0  | Unsatisfiable (0.007s)
SYN041^4.p                                                   | Theorem            | 0.11 v9.1.0  | Error (0.007s)        
SYN044+1.p                                                   | Theorem            | 0.00 v2.1.0  | Unsatisfiable (0.008s)
SYN044-1.p                                                   | Unsatisfiable      | 0.00 v2.0.0  | Unsatisfiable (0.008s)
SYN044^4.p                                                   | Theorem            | 0.11 v9.1.0  | Error (0.007s)        
SYN045+1.p                                                   | Theorem            | 0.00 v2.1.0  | Unsatisfiable (0.007s)
SYN045-1.p                                                   | Unsatisfiable      | 0.00 v2.0.0  | Unsatisfiable (0.008s)
SYN045^4.p                                                   | Theorem            | 0.11 v9.1.0  | Error (0.007s)        
SYN045^7.p                                                   | Theorem            | 0.11 v9.1.0  | Error (0.007s)        
SYN046+1.p                                                   | Theorem            | 0.00 v2.1.0  | Unsatisfiable (0.008s)
SYN046-1.p                                                   | Unsatisfiable      | 0.00 v2.0.0  | Unsatisfiable (0.007s)
SYN046^4.p                                                   | CounterSatisfiable | 0.67 v9.0.0  | Error (0.007s)        
SYN047+1.p                                                   | Theorem            | 0.00 v4.1.0  | Unsatisfiable (0.008s)
SYN047-1.p                                                   | Unsatisfiable      | 0.00 v2.0.0  | Unsatisfiable (0.008s)
SYN047^4.p                                                   | CounterSatisfiable | 0.67 v9.0.0  | Error (0.007s)        
SYN048+1.p                                                   | Theorem            | 0.00 v5.3.0  | Unsatisfiable (0.007s)
SYN048-1.p                                                   | Unsatisfiable      | 0.06 v9.1.0  | Unsatisfiable (0.006s)
SYN049+1.p                                                   | Theorem            | 0.00 v9.1.0  | Unsatisfiable (0.007s)
SYN049-1.p                                                   | Unsatisfiable      | 0.00 v5.3.0  | Unsatisfiable (0.007s)
SYN049^5.p                                                   | Theorem            | 0.08 v9.1.0  | Error (0.006s)        
SYN050+1.p                                                   | Theorem            | 0.00 v9.1.0  | Unsatisfiable (0.009s)
SYN050-1.p                                                   | Unsatisfiable      | 0.06 v9.1.0  | Unsatisfiable (0.008s)
SYN051+1.p                                                   | Theorem            | 0.00 v5.4.0  | Unsatisfiable (0.008s)
SYN051-1.p                                                   | Unsatisfiable      | 0.00 v2.0.0  | Unsatisfiable (0.008s)
SYN051^5.p                                                   | Theorem            | 0.08 v9.1.0  | Error (0.007s)        
SYN052+1.p                                                   | Theorem            | 0.00 v5.3.0  | Unsatisfiable (0.007s)
SYN052-1.p                                                   | Unsatisfiable      | 0.00 v2.0.0  | Unsatisfiable (0.008s)
SYN052^7.p                                                   | Theorem            | 0.11 v9.1.0  | Error (0.006s)        
SYN053+1.p                                                   | Theorem            | 0.00 v5.3.0  | Unsatisfiable (0.008s)
SYN053-1.p                                                   | Unsatisfiable      | 0.00 v2.1.0  | Unsatisfiable (0.008s)
SYN054+1.p                                                   | Theorem            | 0.00 v5.3.0  | Unsatisfiable (0.008s)
SYN054-1.p                                                   | Unsatisfiable      | 0.00 v2.0.0  | Unsatisfiable (0.008s)
SYN055+1.p                                                   | ContradictoryAxioms | 0.00 v8.1.0  | Unsatisfiable (0.009s)
SYN055-1.p                                                   | Unsatisfiable      | 0.00 v2.0.0  | Unsatisfiable (0.013s)
SYN055^5.p                                                   | Theorem            | 0.08 v9.1.0  | Error (0.008s)        
SYN056+1.p                                                   | Theorem            | 0.00 v5.3.0  | Unsatisfiable (0.053s)
SYN056-1.p                                                   | Satisfiable        | 0.00 v2.1.0  | GaveUp (0.132s)       
SYN056^5.p                                                   | Theorem            | 0.08 v9.1.0  | Error (0.007s)        
SYN057+1.p                                                   | Theorem            | 0.00 v5.3.0  | Unsatisfiable (0.014s)
SYN057-1.p                                                   | Unsatisfiable      | 0.00 v2.0.0  | Unsatisfiable (0.014s)
SYN057^5.p                                                   | Theorem            | 0.00 v6.2.0  | Error (0.008s)        
SYN058+1.p                                                   | Theorem            | 0.00 v5.3.0  | Unsatisfiable (0.010s)
SYN058-1.p                                                   | Unsatisfiable      | 0.00 v2.0.0  | Unsatisfiable (0.010s)
SYN058^5.p                                                   | Theorem            | 0.00 v6.2.0  | Error (0.006s)        
SYN059+1.p                                                   | Theorem            | 0.00 v2.1.0  | Unsatisfiable (0.080s)
SYN059-1.p                                                   | Satisfiable        | 0.00 v2.2.0  | GaveUp (0.054s)       
SYN059^5.p                                                   | Theorem            | 0.08 v9.1.0  | Error (0.009s)        
SYN060+1.p                                                   | Theorem            | 0.00 v5.3.0  | Unsatisfiable (0.009s)
SYN060-1.p                                                   | Unsatisfiable      | 0.00 v2.0.0  | Unsatisfiable (0.008s)
SYN061+1.p                                                   | Theorem            | 0.00 v4.1.0  | Unsatisfiable (0.008s)
SYN061-1.p                                                   | Unsatisfiable      | 0.00 v2.0.0  | Unsatisfiable (0.008s)
SYN062+1.p                                                   | Theorem            | 0.00 v5.3.0  | Unsatisfiable (0.009s)
SYN062-1.p                                                   | Unsatisfiable      | 0.00 v2.0.0  | Unsatisfiable (0.010s)
SYN063+1.p                                                   | Theorem            | 0.00 v5.5.0  | Unsatisfiable (0.010s)
SYN063-1.p                                                   | Unsatisfiable      | 0.00 v2.0.0  | Unsatisfiable (0.011s)
SYN063-2.p                                                   | Unsatisfiable      | 0.00 v2.0.0  | Unsatisfiable (0.007s)
SYN064+1.p                                                   | Theorem            | 0.00 v5.5.0  | Unsatisfiable (0.007s)
SYN064-1.p                                                   | Unsatisfiable      | 0.06 v9.1.0  | Unsatisfiable (0.007s)
SYN064^5.p                                                   | Theorem            | 0.08 v9.1.0  | Error (0.007s)        
SYN065+1.p                                                   | Theorem            | 0.00 v6.3.0  | Unsatisfiable (0.008s)
SYN065-1.p                                                   | Unsatisfiable      | 0.00 v6.1.0  | Unsatisfiable (0.010s)
SYN066+1.p                                                   | Theorem            | 0.05 v9.1.0  | Unsatisfiable (0.009s)
SYN066-1.p                                                   | Unsatisfiable      | 0.00 v7.1.0  | Unsatisfiable (0.010s)
SYN067+1.p                                                   | Theorem            | 0.15 v9.1.0  | Timeout (3.010s)      
SYN067-1.p                                                   | Unsatisfiable      | 0.31 v9.1.0  | Timeout (3.010s)      
SYN067-2.p                                                   | Unsatisfiable      | 0.31 v9.1.0  | Timeout (3.010s)      
SYN067-3.p                                                   | Unsatisfiable      | 0.15 v9.1.0  | Timeout (3.009s)      
SYN068+1.p                                                   | Theorem            | 0.00 v5.3.0  | Unsatisfiable (0.012s)
SYN068-1.p                                                   | Unsatisfiable      | 0.00 v5.4.0  | Unsatisfiable (0.011s)
SYN069+1.p                                                   | ContradictoryAxioms | 0.00 v6.3.0  | Unsatisfiable (0.014s)
SYN069-1.p                                                   | Unsatisfiable      | 0.00 v2.0.0  | Unsatisfiable (0.111s)
SYN070+1.p                                                   | Theorem            | 0.00 v5.3.0  | Unsatisfiable (0.029s)
SYN070-1.p                                                   | Unsatisfiable      | 0.00 v6.3.0  | Unsatisfiable (0.072s)
SYN071+1.p                                                   | Theorem            | 0.00 v5.3.0  | Unsatisfiable (0.012s)
SYN071-1.p                                                   | Unsatisfiable      | 0.00 v6.1.0  | Unsatisfiable (0.010s)
SYN072+1.p                                                   | Theorem            | 0.00 v5.3.0  | Unsatisfiable (0.012s)
SYN072-1.p                                                   | Unsatisfiable      | 0.00 v6.1.0  | Unsatisfiable (0.013s)
SYN073+1.p                                                   | Theorem            | 0.00 v9.1.0  | Unsatisfiable (0.008s)
SYN073-1.p                                                   | Unsatisfiable      | 0.00 v2.0.0  | Unsatisfiable (0.007s)
SYN074+1.p                                                   | Theorem            | 0.18 v9.1.0  | Unsatisfiable (0.535s)
SYN074-1.p                                                   | Unsatisfiable      | 0.05 v9.1.0  | Unsatisfiable (0.325s)
SYN075+1.p                                                   | Theorem            | 0.18 v9.1.0  | Unsatisfiable (0.298s)
SYN075-1.p                                                   | Unsatisfiable      | 0.05 v9.0.0  | Timeout (3.009s)      
SYN076+1.p                                                   | Theorem            | 0.82 v9.1.0  | Unsatisfiable (0.137s)
SYN076-1.p                                                   | Unsatisfiable      | 0.82 v9.1.0  | Unsatisfiable (0.021s)
SYN077+1.p                                                   | Theorem            | 0.18 v9.1.0  | Unsatisfiable (0.032s)
SYN077-1.p                                                   | Unsatisfiable      | 0.09 v9.1.0  | Unsatisfiable (0.033s)
SYN078+1.p                                                   | Theorem            | 0.06 v9.0.0  | Unsatisfiable (0.100s)
SYN078-1.p                                                   | Satisfiable        | 0.12 v9.1.0  | Timeout (3.008s)      
SYN079+1.p                                                   | Theorem            | 0.00 v5.3.0  | Unsatisfiable (0.009s)
SYN079-1.p                                                   | Unsatisfiable      | 0.00 v5.3.0  | Unsatisfiable (0.009s)
SYN080+1.p                                                   | Theorem            | 0.00 v6.3.0  | Unsatisfiable (0.007s)
SYN080-1.p                                                   | Unsatisfiable      | 0.04 v9.1.0  | Unsatisfiable (0.008s)
SYN081+1.p                                                   | Theorem            | 0.00 v9.1.0  | Unsatisfiable (0.007s)
SYN081-1.p                                                   | Unsatisfiable      | 0.00 v6.3.0  | Unsatisfiable (0.007s)
SYN082+1.p                                                   | Theorem            | 0.00 v9.1.0  | Unsatisfiable (0.016s)
SYN082-1.p                                                   | Unsatisfiable      | 0.00 v7.1.0  | Unsatisfiable (0.014s)
SYN083+1.p                                                   | Theorem            | 0.09 v9.1.0  | Unsatisfiable (0.008s)
SYN083-1.p                                                   | Unsatisfiable      | 0.04 v9.1.0  | Unsatisfiable (0.007s)
SYN084+1.p                                                   | Theorem            | 0.00 v9.1.0  | Unsatisfiable (0.048s)
SYN084-1.p                                                   | Satisfiable        | 0.00 v5.4.0  | Timeout (3.008s)      
SYN084-2.p                                                   | Unsatisfiable      | 0.00 v2.0.0  | Unsatisfiable (0.023s)
SYN085-1.010.p                                               | Unsatisfiable      | 0.33 v5.5.0  | Unsatisfiable (0.018s)
SYN086-1.003.p                                               | Satisfiable        | 0.00 v2.1.0  | GaveUp (0.043s)       
SYN087-1.003.p                                               | Satisfiable        | 0.00 v2.1.0  | GaveUp (0.202s)       
SYN088-1.010.p                                               | Unsatisfiable      | 0.00 v2.1.0  | Unsatisfiable (0.054s)
SYN089-1.002.p                                               | Unsatisfiable      | 0.33 v5.5.0  | Unsatisfiable (0.008s)
SYN090-1.008.p                                               | Unsatisfiable      | 0.33 v5.5.0  | Unsatisfiable (0.040s)
SYN091-1.003.p                                               | Satisfiable        | 0.00 v2.1.0  | GaveUp (0.132s)       
SYN092-1.003.p                                               | Satisfiable        | 0.00 v2.1.0  | GaveUp (0.653s)       
SYN093-1.002.p                                               | Unsatisfiable      | 0.33 v5.5.0  | Unsatisfiable (0.019s)
SYN094-1.005.p                                               | Unsatisfiable      | 0.33 v5.5.0  | Unsatisfiable (0.194s)
SYN095-1.002.p                                               | Unsatisfiable      | 0.00 v2.1.0  | Unsatisfiable (0.010s)
SYN096-1.008.p                                               | Unsatisfiable      | 0.00 v2.1.0  | Unsatisfiable (0.147s)
SYN097-1.002.p                                               | Unsatisfiable      | 0.33 v5.5.0  | Unsatisfiable (0.034s)
SYN098-1.002.p                                               | Unsatisfiable      | 0.33 v5.5.0  | Unsatisfiable (0.116s)
SYN099-1.003.p                                               | Unsatisfiable      | 0.00 v2.1.0  | Unsatisfiable (0.020s)
SYN100-1.005.p                                               | Unsatisfiable      | 0.00 v2.1.0  | Unsatisfiable (0.063s)
SYN101-1.002.002.p                                           | Unsatisfiable      | 0.00 v2.1.0  | Unsatisfiable (0.020s)
SYN102-1.007.007.p                                           | Unsatisfiable      | 0.00 v2.3.0  | Timeout (3.009s)      
SYN103-1.p                                                   | Unsatisfiable      | 0.00 v7.3.0  | Unsatisfiable (0.141s)
SYN104-1.p                                                   | Unsatisfiable      | 0.00 v7.3.0  | Unsatisfiable (0.135s)
SYN105-1.p                                                   | Unsatisfiable      | 0.00 v7.3.0  | Unsatisfiable (0.156s)
SYN106-1.p                                                   | Unsatisfiable      | 0.00 v7.3.0  | Unsatisfiable (0.150s)
SYN107-1.p                                                   | Unsatisfiable      | 0.00 v7.3.0  | Unsatisfiable (1.610s)
SYN108-1.p                                                   | Unsatisfiable      | 0.00 v7.3.0  | Unsatisfiable (1.612s)
SYN109-1.p                                                   | Unsatisfiable      | 0.00 v7.3.0  | Timeout (3.014s)      
SYN110-1.p                                                   | Unsatisfiable      | 0.00 v7.3.0  | Timeout (3.012s)      
SYN111-1.p                                                   | Unsatisfiable      | 0.00 v7.3.0  | Timeout (3.014s)      
SYN112-1.p                                                   | Unsatisfiable      | 0.00 v7.3.0  | Unsatisfiable (0.288s)
SYN113-1.p                                                   | Unsatisfiable      | 0.00 v7.3.0  | Timeout (3.012s)      
SYN114-1.p                                                   | Unsatisfiable      | 0.00 v7.3.0  | Unsatisfiable (0.317s)
SYN115-1.p                                                   | Unsatisfiable      | 0.00 v7.3.0  | Timeout (3.011s)      
SYN116-1.p                                                   | Unsatisfiable      | 0.00 v7.3.0  | Timeout (3.012s)      
SYN116-10.p                                                  | Unsatisfiable      | 0.09 v9.1.0  | Error (0.150s)        
SYN117-1.p                                                   | Unsatisfiable      | 0.00 v7.3.0  | Timeout (3.012s)      
SYN118-1.p                                                   | Unsatisfiable      | 0.00 v7.3.0  | Unsatisfiable (0.138s)
SYN119-1.p                                                   | Unsatisfiable      | 0.00 v7.3.0  | Unsatisfiable (0.124s)
SYN120-1.p                                                   | Unsatisfiable      | 0.00 v7.3.0  | Unsatisfiable (0.153s)
SYN121-1.p                                                   | Unsatisfiable      | 0.00 v7.3.0  | Timeout (3.012s)      
SYN122-1.p                                                   | Unsatisfiable      | 0.00 v7.3.0  | Timeout (3.016s)      
SYN123-1.p                                                   | Unsatisfiable      | 0.00 v7.3.0  | Timeout (3.012s)      
SYN124-1.p                                                   | Unsatisfiable      | 0.00 v7.3.0  | Timeout (3.013s)      
SYN125-1.p                                                   | Unsatisfiable      | 0.00 v7.3.0  | Timeout (3.018s)      
SYN126-1.p                                                   | Unsatisfiable      | 0.00 v7.3.0  | Unsatisfiable (0.478s)
SYN127-1.p                                                   | Unsatisfiable      | 0.00 v7.3.0  | Unsatisfiable (0.456s)
SYN128-1.p                                                   | Unsatisfiable      | 0.00 v7.3.0  | Timeout (3.012s)      
SYN129-1.p                                                   | Unsatisfiable      | 0.00 v7.3.0  | Timeout (3.013s)      
SYN130-1.p                                                   | Unsatisfiable      | 0.00 v7.3.0  | Unsatisfiable (0.136s)
SYN131-1.p                                                   | Unsatisfiable      | 0.00 v7.3.0  | Unsatisfiable (0.135s)
SYN132-1.p                                                   | Unsatisfiable      | 0.00 v7.3.0  | Unsatisfiable (0.160s)
SYN133-1.p                                                   | Unsatisfiable      | 0.00 v7.3.0  | Unsatisfiable (0.149s)
SYN134-1.p                                                   | Unsatisfiable      | 0.00 v7.3.0  | Timeout (3.012s)      
SYN135-1.p                                                   | Unsatisfiable      | 0.00 v7.3.0  | Unsatisfiable (0.387s)
SYN136-1.p                                                   | Unsatisfiable      | 0.00 v7.3.0  | Unsatisfiable (0.385s)
SYN137-1.p                                                   | Unsatisfiable      | 0.00 v7.3.0  | Timeout (3.013s)      
SYN138-1.p                                                   | Unsatisfiable      | 0.00 v7.3.0  | Timeout (3.013s)      
SYN139-1.p                                                   | Unsatisfiable      | 0.00 v7.3.0  | Timeout (3.015s)      
SYN140-1.p                                                   | Unsatisfiable      | 0.00 v7.3.0  | Timeout (3.012s)      
SYN141-1.p                                                   | Unsatisfiable      | 0.00 v7.3.0  | Timeout (3.012s)      
SYN142-1.p                                                   | Unsatisfiable      | 0.00 v7.3.0  | Timeout (3.012s)      
SYN143-1.p                                                   | Unsatisfiable      | 0.00 v7.3.0  | Timeout (3.013s)      
SYN143-10.p                                                  | Unsatisfiable      | 0.13 v9.1.0  | Timeout (1.453s)      
SYN144-1.p                                                   | Unsatisfiable      | 0.00 v7.3.0  | Timeout (3.012s)      
SYN145-1.p                                                   | Unsatisfiable      | 0.00 v7.3.0  | Unsatisfiable (0.137s)
SYN146-1.p                                                   | Unsatisfiable      | 0.00 v7.3.0  | Unsatisfiable (0.216s)
SYN147-1.p                                                   | Unsatisfiable      | 0.00 v7.3.0  | Unsatisfiable (0.472s)
SYN148-1.p                                                   | Unsatisfiable      | 0.00 v7.3.0  | Timeout (3.013s)      
SYN149-1.p                                                   | Unsatisfiable      | 0.00 v7.3.0  | Unsatisfiable (0.208s)
SYN150-1.p                                                   | Unsatisfiable      | 0.00 v7.3.0  | Unsatisfiable (0.263s)
SYN151-1.p                                                   | Unsatisfiable      | 0.00 v7.3.0  | Unsatisfiable (0.810s)
SYN152-1.p                                                   | Unsatisfiable      | 0.00 v7.3.0  | Unsatisfiable (0.266s)
SYN153-1.p                                                   | Unsatisfiable      | 0.00 v7.3.0  | Unsatisfiable (0.386s)
SYN154-1.p                                                   | Unsatisfiable      | 0.00 v7.3.0  | Unsatisfiable (0.380s)
SYN155-1.p                                                   | Unsatisfiable      | 0.00 v7.3.0  | Timeout (3.013s)      
SYN156-1.p                                                   | Unsatisfiable      | 0.00 v7.3.0  | Timeout (3.012s)      
SYN157-1.p                                                   | Unsatisfiable      | 0.00 v7.3.0  | Timeout (3.013s)      
SYN158-1.p                                                   | Unsatisfiable      | 0.00 v7.3.0  | Timeout (3.013s)      
SYN159-1.p                                                   | Unsatisfiable      | 0.00 v7.3.0  | Timeout (3.013s)      
SYN160-1.p                                                   | Unsatisfiable      | 0.00 v7.3.0  | Timeout (3.013s)      
SYN161-1.p                                                   | Unsatisfiable      | 0.00 v7.3.0  | Timeout (3.011s)      
SYN162-1.p                                                   | Unsatisfiable      | 0.00 v7.3.0  | Timeout (3.013s)      
SYN163-1.p                                                   | Unsatisfiable      | 0.00 v7.3.0  | Timeout (3.013s)      
SYN164-1.p                                                   | Unsatisfiable      | 0.00 v7.3.0  | Unsatisfiable (0.128s)
SYN165-1.p                                                   | Unsatisfiable      | 0.00 v7.3.0  | Unsatisfiable (0.241s)
SYN166-1.p                                                   | Unsatisfiable      | 0.00 v7.3.0  | Timeout (3.013s)      
SYN167-1.p                                                   | Unsatisfiable      | 0.00 v7.3.0  | Unsatisfiable (0.831s)
SYN168-1.p                                                   | Unsatisfiable      | 0.00 v7.3.0  | Unsatisfiable (0.429s)
SYN169-1.p                                                   | Unsatisfiable      | 0.00 v7.3.0  | Unsatisfiable (0.791s)
SYN170-1.p                                                   | Unsatisfiable      | 0.00 v7.3.0  | Timeout (3.012s)      
SYN170-10.p                                                  | Unsatisfiable      | 0.09 v8.2.0  | Error (0.142s)        
SYN171-1.p                                                   | Unsatisfiable      | 0.00 v7.3.0  | Timeout (3.013s)      
SYN172-1.p                                                   | Unsatisfiable      | 0.00 v7.3.0  | Unsatisfiable (0.141s)
SYN173-1.p                                                   | Unsatisfiable      | 0.00 v7.3.0  | Unsatisfiable (1.661s)
SYN174-1.p                                                   | Unsatisfiable      | 0.00 v7.3.0  | Unsatisfiable (1.662s)
SYN175-1.p                                                   | Unsatisfiable      | 0.00 v7.3.0  | Unsatisfiable (1.700s)
SYN176-1.p                                                   | Unsatisfiable      | 0.00 v7.3.0  | Timeout (3.012s)      
SYN177-1.p                                                   | Unsatisfiable      | 0.00 v7.3.0  | Timeout (3.011s)      
SYN178-1.p                                                   | Unsatisfiable      | 0.00 v7.3.0  | Timeout (3.014s)      
SYN179-1.p                                                   | Unsatisfiable      | 0.00 v7.3.0  | Timeout (3.013s)      
SYN180-1.p                                                   | Unsatisfiable      | 0.00 v7.3.0  | Timeout (3.012s)      
SYN181-1.p                                                   | Unsatisfiable      | 0.00 v7.3.0  | Timeout (3.012s)      
SYN182-1.p                                                   | Unsatisfiable      | 0.00 v7.3.0  | Unsatisfiable (0.843s)
SYN183-1.p                                                   | Unsatisfiable      | 0.00 v7.3.0  | Unsatisfiable (0.472s)
SYN184-1.p                                                   | Unsatisfiable      | 0.00 v7.3.0  | Unsatisfiable (0.137s)
SYN185-1.p                                                   | Unsatisfiable      | 0.00 v7.3.0  | Unsatisfiable (0.136s)
SYN186-1.p                                                   | Unsatisfiable      | 0.00 v7.3.0  | Timeout (3.013s)      
SYN187-1.p                                                   | Unsatisfiable      | 0.00 v7.3.0  | Timeout (3.012s)      
SYN188-1.p                                                   | Unsatisfiable      | 0.00 v7.3.0  | Timeout (3.012s)      
SYN189-1.p                                                   | Unsatisfiable      | 0.00 v7.3.0  | Timeout (3.013s)      
SYN190-1.p                                                   | Unsatisfiable      | 0.00 v7.3.0  | Timeout (3.012s)      
SYN191-1.p                                                   | Unsatisfiable      | 0.00 v7.3.0  | Timeout (3.012s)      
SYN192-1.p                                                   | Unsatisfiable      | 0.00 v7.3.0  | Timeout (3.013s)      
SYN193-1.p                                                   | Unsatisfiable      | 0.00 v7.3.0  | Timeout (3.012s)      
SYN193-10.p                                                  | Unsatisfiable      | 0.09 v9.1.0  | Error (0.142s)        
SYN194-1.p                                                   | Unsatisfiable      | 0.00 v7.3.0  | Timeout (3.013s)      
SYN195-1.p                                                   | Unsatisfiable      | 0.00 v7.3.0  | Timeout (3.014s)      
SYN196-1.p                                                   | Unsatisfiable      | 0.00 v7.3.0  | Unsatisfiable (2.829s)
SYN197-1.p                                                   | Unsatisfiable      | 0.00 v7.3.0  | Unsatisfiable (0.174s)
SYN198-1.p                                                   | Unsatisfiable      | 0.00 v7.3.0  | Timeout (3.012s)      
SYN199-1.p                                                   | Unsatisfiable      | 0.00 v7.3.0  | Unsatisfiable (3.005s)
SYN200-1.p                                                   | Unsatisfiable      | 0.00 v7.3.0  | Timeout (3.012s)      
SYN201-1.p                                                   | Unsatisfiable      | 0.00 v7.3.0  | Timeout (3.012s)      
SYN202-1.p                                                   | Unsatisfiable      | 0.00 v7.3.0  | Timeout (3.013s)      
SYN203-1.p                                                   | Unsatisfiable      | 0.00 v7.3.0  | Timeout (3.012s)      
SYN204-1.p                                                   | Unsatisfiable      | 0.00 v7.3.0  | Timeout (3.012s)      
SYN205-1.p                                                   | Unsatisfiable      | 0.00 v7.3.0  | Timeout (3.012s)      
SYN206-1.p                                                   | Unsatisfiable      | 0.00 v7.3.0  | Timeout (3.012s)      
SYN207-1.p                                                   | Unsatisfiable      | 0.00 v7.3.0  | Timeout (3.012s)      
SYN208-1.p                                                   | Unsatisfiable      | 0.00 v7.3.0  | Timeout (3.012s)      
SYN209-1.p                                                   | Unsatisfiable      | 0.00 v7.3.0  | Timeout (3.013s)      
SYN210-1.p                                                   | Unsatisfiable      | 0.00 v7.3.0  | Timeout (3.012s)      
SYN211-1.p                                                   | Unsatisfiable      | 0.00 v7.3.0  | Timeout (3.012s)      
SYN212-1.p                                                   | Unsatisfiable      | 0.00 v7.3.0  | Timeout (3.013s)      
SYN213-1.p                                                   | Unsatisfiable      | 0.00 v7.3.0  | Timeout (3.012s)      
SYN214-1.p                                                   | Unsatisfiable      | 0.00 v7.3.0  | Timeout (3.012s)      
SYN214-10.p                                                  | Unsatisfiable      | 0.09 v9.1.0  | Timeout (1.304s)      
SYN215-1.p                                                   | Unsatisfiable      | 0.00 v7.3.0  | Timeout (3.012s)      
SYN216-1.p                                                   | Unsatisfiable      | 0.00 v7.3.0  | Timeout (3.012s)      
SYN217-1.p                                                   | Unsatisfiable      | 0.00 v7.3.0  | Timeout (3.012s)      
SYN218-1.p                                                   | Unsatisfiable      | 0.00 v7.3.0  | Timeout (3.012s)      
SYN219-1.p                                                   | Unsatisfiable      | 0.00 v7.3.0  | Timeout (3.012s)      
SYN220-1.p                                                   | Unsatisfiable      | 0.00 v7.3.0  | Timeout (3.013s)      
SYN221-1.p                                                   | Unsatisfiable      | 0.00 v7.3.0  | Timeout (3.012s)      
SYN222-1.p                                                   | Unsatisfiable      | 0.00 v7.3.0  | Timeout (3.012s)      
SYN223-1.p                                                   | Unsatisfiable      | 0.00 v7.3.0  | Timeout (3.013s)      
SYN224-1.p                                                   | Unsatisfiable      | 0.00 v7.3.0  | Timeout (3.013s)      
SYN225-1.p                                                   | Unsatisfiable      | 0.00 v7.3.0  | Timeout (3.012s)      
SYN226-1.p                                                   | Unsatisfiable      | 0.00 v7.3.0  | Timeout (3.012s)      
SYN227-1.p                                                   | Unsatisfiable      | 0.00 v7.3.0  | Timeout (3.012s)      
SYN228-1.p                                                   | Unsatisfiable      | 0.00 v7.3.0  | Timeout (3.013s)      
SYN229-1.p                                                   | Unsatisfiable      | 0.00 v7.3.0  | Timeout (3.012s)      
SYN230-1.p                                                   | Unsatisfiable      | 0.00 v7.3.0  | Timeout (3.013s)      
SYN231-1.p                                                   | Unsatisfiable      | 0.00 v7.3.0  | Timeout (3.012s)      
SYN232-1.p                                                   | Unsatisfiable      | 0.00 v7.3.0  | Timeout (3.012s)      
SYN233-1.p                                                   | Unsatisfiable      | 0.00 v7.3.0  | Timeout (3.012s)      
SYN234-1.p                                                   | Unsatisfiable      | 0.00 v7.3.0  | Timeout (3.014s)      
SYN235-1.p                                                   | Unsatisfiable      | 0.00 v7.3.0  | Timeout (3.012s)      
SYN236-1.p                                                   | Unsatisfiable      | 0.00 v7.3.0  | Timeout (3.014s)      
SYN237-1.p                                                   | Unsatisfiable      | 0.00 v7.3.0  | Unsatisfiable (0.194s)
SYN238-1.p                                                   | Unsatisfiable      | 0.00 v7.3.0  | Unsatisfiable (0.193s)
SYN239-1.p                                                   | Unsatisfiable      | 0.00 v7.3.0  | Unsatisfiable (0.199s)
SYN240-1.p                                                   | Unsatisfiable      | 0.00 v7.3.0  | Unsatisfiable (0.204s)
SYN241-1.p                                                   | Unsatisfiable      | 0.00 v7.3.0  | Unsatisfiable (0.180s)
SYN242-1.p                                                   | Unsatisfiable      | 0.00 v7.3.0  | Unsatisfiable (0.186s)
SYN243-1.p                                                   | Unsatisfiable      | 0.00 v7.3.0  | Unsatisfiable (0.606s)
SYN244-1.p                                                   | Unsatisfiable      | 0.00 v7.3.0  | Unsatisfiable (0.204s)
SYN245-1.p                                                   | Unsatisfiable      | 0.00 v7.3.0  | Unsatisfiable (0.189s)
SYN246-1.p                                                   | Unsatisfiable      | 0.00 v7.3.0  | Unsatisfiable (0.330s)
SYN247-1.p                                                   | Unsatisfiable      | 0.00 v7.3.0  | Unsatisfiable (0.195s)
SYN248-1.p                                                   | Unsatisfiable      | 0.00 v7.3.0  | Timeout (3.011s)      
SYN249-1.p                                                   | Unsatisfiable      | 0.00 v7.3.0  | Timeout (3.012s)      
SYN250-1.p                                                   | Unsatisfiable      | 0.00 v7.3.0  | Timeout (3.013s)      
SYN251-1.p                                                   | Unsatisfiable      | 0.00 v7.3.0  | Unsatisfiable (0.631s)
SYN252-1.p                                                   | Unsatisfiable      | 0.00 v7.3.0  | Timeout (3.012s)      
SYN253-1.p                                                   | Unsatisfiable      | 0.00 v7.3.0  | Timeout (3.011s)      
SYN254-1.p                                                   | Unsatisfiable      | 0.00 v7.3.0  | Timeout (3.017s)      
SYN255-1.p                                                   | Unsatisfiable      | 0.00 v7.3.0  | Unsatisfiable (0.260s)
SYN256-1.p                                                   | Unsatisfiable      | 0.00 v7.3.0  | Unsatisfiable (0.866s)
SYN257-1.p                                                   | Unsatisfiable      | 0.00 v7.3.0  | Unsatisfiable (0.143s)
SYN258-1.p                                                   | Unsatisfiable      | 0.00 v7.3.0  | Unsatisfiable (0.900s)
SYN259-1.p                                                   | Unsatisfiable      | 0.00 v7.3.0  | Unsatisfiable (0.881s)
SYN260-1.p                                                   | Unsatisfiable      | 0.00 v7.3.0  | Unsatisfiable (0.836s)
SYN261-1.p                                                   | Unsatisfiable      | 0.00 v7.3.0  | Unsatisfiable (0.233s)
SYN262-1.p                                                   | Unsatisfiable      | 0.00 v7.3.0  | Timeout (3.011s)      
SYN263-1.p                                                   | Unsatisfiable      | 0.00 v7.3.0  | Timeout (3.012s)      
SYN264-1.p                                                   | Unsatisfiable      | 0.00 v7.3.0  | Timeout (3.012s)      
SYN265-1.p                                                   | Unsatisfiable      | 0.00 v7.3.0  | Unsatisfiable (0.455s)
SYN266-1.p                                                   | Unsatisfiable      | 0.00 v7.3.0  | Timeout (3.012s)      
SYN267-1.p                                                   | Unsatisfiable      | 0.00 v7.3.0  | Timeout (3.017s)      
SYN268-1.p                                                   | Unsatisfiable      | 0.00 v7.3.0  | Timeout (3.016s)      
make: *** [Makefile:55: bench] Complété
